// Jest Snapshot v1, https://goo.gl/fbAQLP

exports[`GridItem tests snapshot match 1`] = `
<div>
  <div
    class="card"
  >
    <img
      alt="title"
      src="https://test.com/gim.gif"
    />
    <p>
      title
    </p>
  </div>
</div>
`;
